   Compiling jpegexp-rs v0.1.0 (C:\Users\aroja\CODE\jpegexp-rs)
error[E0599]: no method named `len` found for struct `J2kBitWriter` in the current scope
   --> src\jpeg2000\encoder.rs:673:57
    |
673 | ...                   res, comp_idx, header_writer.len(), packets.last().unwrap().body_data.len(), packet_header.included_cblks.len());
    |                                                    ^^^ method not found in `J2kBitWriter`
    |
   ::: src\jpeg2000\bit_io.rs:43:1
    |
 43 | pub struct J2kBitWriter {
    | ----------------------- method `len` not found for this struct
    |
    = help: items from traits can only be used if the trait is implemented and in scope
    = note: the following trait defines an item `len`, perhaps you need to implement it:
            candidate #1: `ExactSizeIterator`

warning: value assigned to `quant_style` is never read
   --> src\jpeg2000\encoder.rs:163:13
    |
163 |             quant_style = (guard_bits << 5) | 0x02; // Scalar Expounded
    |             ^^^^^^^^^^^
    |
    = help: maybe it is overwritten before being read?
    = note: `#[warn(unused_assignments)]` (part of `#[warn(unused)]`) on by default

warning: unused variable: `pixels`
   --> src\jpeg2000\image.rs:183:17
    |
183 |         let mut pixels = vec![
    |                 ^^^^^^ help: if this is intentional, prefix it with an underscore: `_pixels`
    |
    = note: `#[warn(unused_variables)]` (part of `#[warn(unused)]`) on by default

warning: variable does not need to be mutable
   --> src\jpeg2000\image.rs:183:13
    |
183 |         let mut pixels = vec![
    |             ----^^^^^^
    |             |
    |             help: remove this `mut`
    |
    = note: `#[warn(unused_mut)]` (part of `#[warn(unused)]`) on by default

warning: variable does not need to be mutable
   --> src\jpeg2000\image.rs:519:21
    |
519 |                 let mut hl = get_subband_data(res, SubbandOrientation::HL);
    |                     ----^^
    |                     |
    |                     help: remove this `mut`

warning: variable does not need to be mutable
   --> src\jpeg2000\image.rs:520:21
    |
520 |                 let mut lh = get_subband_data(res, SubbandOrientation::LH);
    |                     ----^^
    |                     |
    |                     help: remove this `mut`

warning: variable does not need to be mutable
   --> src\jpeg2000\image.rs:521:21
    |
521 |                 let mut hh = get_subband_data(res, SubbandOrientation::HH);
    |                     ----^^
    |                     |
    |                     help: remove this `mut`

For more information about this error, try `rustc --explain E0599`.
warning: `jpegexp-rs` (lib) generated 6 warnings
error: could not compile `jpegexp-rs` (lib) due to 1 previous error; 6 warnings emitted
